// Vitest Snapshot v1, https://vitest.dev/guide/snapshot.html

exports[`style corpus > splits every real style string into categories 1`] = `
{
  "ale": {
    "beers": 142,
    "styles": {
      "APA": 16,
      "Ale": 8,
      "American IPA": 2,
      "American pale ale": 2,
      "Brut IPA": 1,
      "Cold IPA": 1,
      "Cold IPA session": 1,
      "Ddh hazy IPA": 1,
      "English IPA": 1,
      "Fruit IPA": 1,
      "Fruited pale ale": 1,
      "Gluten reduced ale": 1,
      "Gluten-free session IPA": 1,
      "Hazy APA": 1,
      "Hazy IPA": 5,
      "Hazy ale": 2,
      "IPA": 10,
      "Ipa/dipa": 1,
      "Istrian pale ale": 1,
      "Juicy pale ale": 2,
      "Kveik pale ale": 1,
      "Mexican session cold IPA": 1,
      "Milkshake NEIPA - raspberry": 1,
      "Modern Pale Ale": 1,
      "Modern pale ale": 2,
      "NEIPA": 10,
      "New england IPA": 2,
      "New zealand hazy ale": 1,
      "Ochucený ale": 1,
      "Pale Ale": 1,
      "Pale ale": 8,
      "Red APA": 1,
      "Sessiin NEIPA": 1,
      "Session IPA": 8,
      "Session IPA mosaic": 1,
      "Session NEIPA": 7,
      "Session hazy": 4,
      "Session kveik IPA": 1,
      "Session pale ale": 1,
      "Singl hop ale": 2,
      "Single hop ale": 3,
      "Smash ale": 2,
      "Summer Ale": 1,
      "Summer ale": 10,
      "Tropical fruit ale": 1,
      "West Coast IPA": 1,
      "West coast IPA": 7,
      "West coast IPA w/ juniper": 1,
      "White IPA": 1,
      "White session IPA": 1,
    },
  },
  "dark": {
    "beers": 6,
    "styles": {
      "Czech amber lager": 1,
      "Ochucené tm. pivo": 1,
      "Polotmavý ležák": 1,
      "Rotbier": 1,
      "Stout s laktozou, malinami a vanilkou": 1,
      "Tmavý porter ochuc. třešněmi": 1,
    },
  },
  "lezak": {
    "beers": 75,
    "styles": {
      "Bohemian Pilsner": 1,
      "Czech pilsner": 1,
      "Helles lager": 1,
      "IPL": 4,
      "India pale lager": 2,
      "Italian pilsner": 1,
      "Ležák": 16,
      "Ležák světiý": 2,
      "Ležák světlý": 26,
      "Nefiltr ležák": 1,
      "New zealand pale lager": 1,
      "Ochucený ležák": 1,
      "Pilsner": 1,
      "Pilsner - czech": 1,
      "Pilsner - new zealand": 1,
      "Pilsner czech": 1,
      "SMASH ležák sv.": 1,
      "Sv. ležák": 1,
      "Světlé výčepní": 2,
      "Světlý ležák": 7,
      "Výroční ležák 6 let": 1,
      "světlý ležák": 2,
    },
  },
  "nealko": {
    "beers": 0,
    "styles": {},
  },
  "other": {
    "beers": 14,
    "styles": {
      "(bez stylu)": 8,
      "Farmhouse ale": 1,
      "German hefeweizen": 1,
      "Hoppy saison ale": 1,
      "Weizen": 1,
      "Weizenbier": 1,
      "Witbier": 1,
    },
  },
  "sour": {
    "beers": 41,
    "styles": {
      "Fruit Sour Ale": 1,
      "Fruit gose": 1,
      "Fruit sour ale": 8,
      "Fruited berliner weisse": 2,
      "Fruity berliner weisse": 1,
      "Gose": 2,
      "Gose sour": 2,
      "Gose sour - ibišek+koriandr+limeta+yuzu": 1,
      "Kyseláč": 1,
      "Lehký sour ale s bezovým květem a maracujou": 1,
      "Pastry sour": 4,
      "Pastry sour ale": 3,
      "Sour": 9,
      "Sour Ale w/ Blackcurrant": 1,
      "Sour ale": 3,
      "Sour berlin weisse": 1,
    },
  },
}
`;
